../Core/Src/main.c:99:5:main	8	static
../Core/Src/main.c:152:6:SystemClock_Config	88	static
../Core/Src/main.c:199:13:MX_ADC1_Init	24	static
../Core/Src/main.c:246:13:MX_TIM2_Init	64	static
../Core/Src/main.c:305:13:MX_USART1_UART_Init	8	static
../Core/Src/main.c:338:13:MX_GPIO_Init	32	static
../Core/Src/main.c:364:6:HAL_UART_RxCpltCallback	16	static
../Core/Src/main.c:386:6:map	24	static
../Core/Src/main.c:392:10:AverageFiltered	16	static
../Core/Src/main.c:407:6:HAL_ADC_ConvCpltCallback	144	static
../Core/Src/main.c:461:6:HAL_TIM_PWM_PulseFinishedCallback	16	static
../Core/Src/main.c:486:6:Error_Handler	4	static,ignoring_inline_asm
